Starting a Gradle Daemon, 1 incompatible and 1 stopped Daemons could not be reused, use --status for details

> Configure project :
Fabric Loom: 1.11.8

> Task :clean

> Task :compileJava
.\gradlew.bat : C:\Users\noele\.gemini\antigravity\scratch\CelestiaAddons\src\m
ain\java\com\celestia\addons\feature\impl\autoroute\RoutePlayer.java:79: 
error: no suitable constructor found for 
Full(double,double,double,float,float,boolean)
At line:1 char:66
+ ... vity\scratch\CelestiaAddons" ; .\gradlew.bat clean build 2>&1 | Tee-O ...
+                                    ~~~~~~~~~~~~~~~~~~~~~~~~~~~~~~
    + CategoryInfo          : NotSpecified: (C:\Users\noele\...,float,boolean) 
   :String) [], RemoteException
    + FullyQualifiedErrorId : NativeCommandError
 
                mc.getNetworkHandler().sendPacket(new 
PlayerMoveC2SPacket.Full(targetX, wp.y, targetZ, wp.yaw, wp.pitch, true));
                                                  ^
    constructor Full.Full(Vec3d,float,float,boolean,boolean) is not applicable
      (actual and formal argument lists differ in length)
    constructor Full.Full(double,double,double,float,float,boolean,boolean) is 
not applicable
      (actual and formal argument lists differ in length)
C:\Users\noele\.gemini\antigravity\scratch\CelestiaAddons\src\main\java\com\cel
estia\addons\feature\impl\autoroute\RoutePlayer.java:95: error: cannot find 
symbol
                mc.getNetworkHandler().sendPacket(new 
net.minecraft.network.packet.c2s.play.ClientCommandC2SPacket(player, net.minecr
aft.network.packet.c2s.play.ClientCommandC2SPacket.Mode.PRESS_SHIFT_KEY));
                                                                               
                                                                               
                              ^
  symbol:   variable PRESS_SHIFT_KEY
  location: class Mode
C:\Users\noele\.gemini\antigravity\scratch\CelestiaAddons\src\main\java\com\cel
estia\addons\feature\impl\autoroute\RoutePlayer.java:97: error: cannot find 
symbol
                mc.getNetworkHandler().sendPacket(new 
net.minecraft.network.packet.c2s.play.ClientCommandC2SPacket(player, net.minecr
aft.network.packet.c2s.play.ClientCommandC2SPacket.Mode.RELEASE_SHIFT_KEY));
                                                                               
                                                                               
                              ^
  symbol:   variable RELEASE_SHIFT_KEY
  location: class Mode
C:\Users\noele\.gemini\antigravity\scratch\CelestiaAddons\src\main\java\com\cel
estia\addons\gui\CelestiaScreen.java:23: error: cannot find symbol
        this.client = MinecraftClient.getInstance();
                      ^
  symbol:   variable MinecraftClient
  location: class CelestiaScreen
C:\Users\noele\.gemini\antigravity\scratch\CelestiaAddons\src\main\java\com\cel
estia\addons\gui\CelestiaScreen.java:60: error: method does not override or 
implement a method from a supertype
    @Override
    ^
C:\Users\noele\.gemini\antigravity\scratch\CelestiaAddons\src\main\java\com\cel
estia\addons\gui\CelestiaScreen.java:67: error: method mouseClicked in 
interface ParentElement cannot be applied to given types;
        return super.mouseClicked(mouseX, mouseY, button);
                    ^
  required: Click,boolean
  found:    double,double,int
  reason: actual and formal argument lists differ in length
C:\Users\noele\.gemini\antigravity\scratch\CelestiaAddons\src\main\java\com\cel
estia\addons\gui\CelestiaScreen.java:74: error: method mouseReleased in 
interface ParentElement cannot be applied to given types;
        return super.mouseReleased(mouseX, mouseY, button);
                    ^
  required: Click
  found:    double,double,int
  reason: actual and formal argument lists differ in length
7 errors

> Task :compileJava FAILED

[Incubating] Problems report is available at: file:///C:/Users/noele/.gemini/antigravity/scratch/CelestiaAddons/build/reports/problems/problems-report.html

FAILURE: Build failed with an exception.

* What went wrong:
Execution failed for task ':compileJava'.
> Compilation failed; see the compiler output below.
  C:\Users\noele\.gemini\antigravity\scratch\CelestiaAddons\src\main\java\com\c
elestia\addons\gui\CelestiaScreen.java:67: error: method mouseClicked in 
interface ParentElement cannot be applied to given types;
          return super.mouseClicked(mouseX, mouseY, button);
                      ^
    required: Click,boolean
    found:    double,double,int
    reason: actual and formal argument lists differ in length
  C:\Users\noele\.gemini\antigravity\scratch\CelestiaAddons\src\main\java\com\c
elestia\addons\gui\CelestiaScreen.java:74: error: method mouseReleased in 
interface ParentElement cannot be applied to given types;
          return super.mouseReleased(mouseX, mouseY, button);
                      ^
    required: Click
    found:    double,double,int
    reason: actual and formal argument lists differ in length
  C:\Users\noele\.gemini\antigravity\scratch\CelestiaAddons\src\main\java\com\c
elestia\addons\feature\impl\autoroute\RoutePlayer.java:79: error: no suitable 
constructor found for Full(double,double,double,float,float,boolean)
                  mc.getNetworkHandler().sendPacket(new 
PlayerMoveC2SPacket.Full(targetX, wp.y, targetZ, wp.yaw, wp.pitch, true));
                                                    ^
      constructor Full.Full(Vec3d,float,float,boolean,boolean) is not 
applicable
        (actual and formal argument lists differ in length)
      constructor Full.Full(double,double,double,float,float,boolean,boolean) 
is not applicable
        (actual and formal argument lists differ in length)
  C:\Users\noele\.gemini\antigravity\scratch\CelestiaAddons\src\main\java\com\c
elestia\addons\feature\impl\autoroute\RoutePlayer.java:95: error: cannot find 
symbol
                  mc.getNetworkHandler().sendPacket(new 
net.minecraft.network.packet.c2s.play.ClientCommandC2SPacket(player, net.minecr
aft.network.packet.c2s.play.ClientCommandC2SPacket.Mode.PRESS_SHIFT_KEY));
                                                                               
                                                                               
                                ^
    symbol:   variable PRESS_SHIFT_KEY
    location: class Mode
  C:\Users\noele\.gemini\antigravity\scratch\CelestiaAddons\src\main\java\com\c
elestia\addons\feature\impl\autoroute\RoutePlayer.java:97: error: cannot find 
symbol
                  mc.getNetworkHandler().sendPacket(new 
net.minecraft.network.packet.c2s.play.ClientCommandC2SPacket(player, net.minecr
aft.network.packet.c2s.play.ClientCommandC2SPacket.Mode.RELEASE_SHIFT_KEY));
                                                                               
                                                                               
                                ^
    symbol:   variable RELEASE_SHIFT_KEY
    location: class Mode
  C:\Users\noele\.gemini\antigravity\scratch\CelestiaAddons\src\main\java\com\c
elestia\addons\gui\CelestiaScreen.java:23: error: cannot find symbol
          this.client = MinecraftClient.getInstance();
                        ^
    symbol:   variable MinecraftClient
    location: class CelestiaScreen
  C:\Users\noele\.gemini\antigravity\scratch\CelestiaAddons\src\main\java\com\c
elestia\addons\gui\CelestiaScreen.java:60: error: method does not override or 
implement a method from a supertype
      @Override
      ^
  7 errors

* Try:
> Check your code and dependencies to fix the compilation error(s)
> Run with --scan to get full insights.


Deprecated Gradle features were used in this build, making it incompatible with Gradle 9.0.

You can use '--warning-mode all' to show the individual deprecation warnings and determine if they come from your own scripts or plugins.

For more on this, please refer to https://docs.gradle.org/8.14/userguide/command_line_interface.html#sec:command_line_warnings in the Gradle documentation.
BUILD FAILED in 1m 13s
2 actionable tasks: 2 executed
